<dataset>

    <system_parameter id="1" name="BUSINESS_DATE" value="2019-01-07"/>

    <margin_ratio currency_pair_id="1" value="1.00" applicable_date="2019-01-04" business_date="2019-01-04"/>
    <margin_ratio currency_pair_id="2" value="2.00" applicable_date="2019-01-04" business_date="2019-01-04"/>
    <margin_ratio currency_pair_id="3" value="3.00" applicable_date="2019-01-04" business_date="2019-01-04"/>

    <margin_ratio currency_pair_id="2" value="4.00" applicable_date="2019-01-06" business_date="2019-01-06"/>

    <margin_ratio currency_pair_id="1" value="1.00" applicable_date="2019-01-04" business_date="2019-01-07"/>
    <margin_ratio currency_pair_id="2" value="4.00" applicable_date="2019-01-06" business_date="2019-01-07"/>
    <margin_ratio currency_pair_id="3" value="5.00" applicable_date="2019-01-07" business_date="2019-01-07"/>

</dataset>