<dataset>
    <eod_ledger_collateral_balance
        business_date="2019-01-01"
        trade_date="2019/01/01"
        record_date="2019/01/02 11:30:00"
        participant_code="P11"
        participant_name="TEST_PARTY1"
        participant_type="LP"
        collateral_purpose_type="1"
        collateral_purpose="Margin"
        total_deposit="11485"
        cash="10000"
        lg="1485"
        securities="0"
        required_amount="1000.00"
        total_initial_margin="78753600.00"
        total_variation_margin="900.00"
        total_excess_deficit="10485.00"
        deficit_in_cash_settlement="501.00"
        cash_settlement="700.00"
        cash_settlement_following_day="800.00"
        initial_mtm_total="1200.00"
        initial_mtm_day="1000.00"
        initial_mtm_following_day="1100.00"
        daily_mtm_total="300.00"
        daily_mtm_day="100.00"
        daily_mtm_following_day="200.00"
        swap_point_total="600.00"
        swap_point_day="400.00"
        swap_point_following_day="500.00"
        following_applicable_day_for_clearing_deposit=""/>

    <eod_ledger_collateral_balance
        business_date="2019-01-01"
        trade_date="2019/01/01"
        record_date="2019/01/02 11:30:00"
        participant_code="P11"
        participant_name="TEST_PARTY1"
        participant_type="LP"
        collateral_purpose_type="2"
        collateral_purpose="Market entry deposit"
        total_deposit="5825165.00"
        cash="0"
        lg="0"
        securities="5825165.00"
        required_amount="2000"
        total_initial_margin=""
        total_variation_margin=""
        total_excess_deficit="5823165.00"
        deficit_in_cash_settlement=""
        cash_settlement=""
        cash_settlement_following_day=""
        initial_mtm_total=""
        initial_mtm_day=""
        initial_mtm_following_day=""
        daily_mtm_total=""
        daily_mtm_day=""
        daily_mtm_following_day=""
        swap_point_total=""
        swap_point_day=""
        swap_point_following_day=""
        following_applicable_day_for_clearing_deposit=""/>

    <eod_ledger_collateral_balance
        business_date="2019-01-01"
        trade_date="2019/01/01"
        record_date="2019/01/02 11:30:00"
        participant_code="P11"
        participant_name="TEST_PARTY1"
        participant_type="LP"
        collateral_purpose_type="3"
        collateral_purpose="Clearing deposit"
        total_deposit="264000.00"
        cash="70000"
        lg="0"
        securities="194000.00"
        required_amount="3000"
        total_initial_margin=""
        total_variation_margin=""
        total_excess_deficit="261000.00"
        deficit_in_cash_settlement=""
        cash_settlement=""
        cash_settlement_following_day=""
        initial_mtm_total=""
        initial_mtm_day=""
        initial_mtm_following_day=""
        daily_mtm_total=""
        daily_mtm_day=""
        daily_mtm_following_day=""
        swap_point_total=""
        swap_point_day=""
        swap_point_following_day=""
        following_applicable_day_for_clearing_deposit=""/>

    <eod_ledger_collateral_balance
        business_date="2019-01-01"
        trade_date="2019/01/01"
        record_date="2019/01/02 11:30:00"
        participant_code="P11"
        participant_name="TEST_PARTY1"
        participant_type="LP"
        collateral_purpose_type="4"
        collateral_purpose="Special purpose collateral"
        total_deposit="10000"
        cash="10000"
        lg="0"
        securities="0"
        required_amount="4000"
        total_initial_margin=""
        total_variation_margin=""
        total_excess_deficit="6000"
        deficit_in_cash_settlement=""
        cash_settlement=""
        cash_settlement_following_day=""
        initial_mtm_total=""
        initial_mtm_day=""
        initial_mtm_following_day=""
        daily_mtm_total=""
        daily_mtm_day=""
        daily_mtm_following_day=""
        swap_point_total=""
        swap_point_day=""
        swap_point_following_day=""
        following_applicable_day_for_clearing_deposit=""/>

    <eod_ledger_collateral_balance
        business_date="2019-01-01"
        trade_date="2019/01/01"
        record_date="2019/01/02 11:30:00"
        participant_code="P12"
        participant_name="TEST_PARTY2"
        participant_type="FXB"
        collateral_purpose_type="1"
        collateral_purpose="Margin"
        total_deposit="221485"
        cash="220000"
        lg="1485"
        securities="0"
        required_amount="0"
        total_initial_margin=""
        total_variation_margin=""
        total_excess_deficit="221485"
        deficit_in_cash_settlement=""
        cash_settlement=""
        cash_settlement_following_day=""
        initial_mtm_total=""
        initial_mtm_day=""
        initial_mtm_following_day=""
        daily_mtm_total=""
        daily_mtm_day=""
        daily_mtm_following_day=""
        swap_point_total=""
        swap_point_day=""
        swap_point_following_day=""
        following_applicable_day_for_clearing_deposit=""/>

    <eod_ledger_collateral_balance
        business_date="2019-01-01"
        trade_date="2019/01/01"
        record_date="2019/01/02 11:30:00"
        participant_code="P12"
        participant_name="TEST_PARTY2"
        participant_type="FXB"
        collateral_purpose_type="2"
        collateral_purpose="Market entry deposit"
        total_deposit="0"
        cash="0"
        lg="0"
        securities="0"
        required_amount="5000"
        total_initial_margin=""
        total_variation_margin=""
        total_excess_deficit="-5000"
        deficit_in_cash_settlement=""
        cash_settlement=""
        cash_settlement_following_day=""
        initial_mtm_total=""
        initial_mtm_day=""
        initial_mtm_following_day=""
        daily_mtm_total=""
        daily_mtm_day=""
        daily_mtm_following_day=""
        swap_point_total=""
        swap_point_day=""
        swap_point_following_day=""
        following_applicable_day_for_clearing_deposit=""/>

    <eod_ledger_collateral_balance
        business_date="2019-01-01"
        trade_date="2019/01/01"
        record_date="2019/01/02 11:30:00"
        participant_code="P12"
        participant_name="TEST_PARTY2"
        participant_type="FXB"
        collateral_purpose_type="3"
        collateral_purpose="Clearing deposit"
        total_deposit="0"
        cash="0"
        lg="0"
        securities="0"
        required_amount="6000"
        total_initial_margin=""
        total_variation_margin=""
        total_excess_deficit="-6000"
        deficit_in_cash_settlement=""
        cash_settlement=""
        cash_settlement_following_day=""
        initial_mtm_total=""
        initial_mtm_day=""
        initial_mtm_following_day=""
        daily_mtm_total=""
        daily_mtm_day=""
        daily_mtm_following_day=""
        swap_point_total=""
        swap_point_day=""
        swap_point_following_day=""
        following_applicable_day_for_clearing_deposit=""/>

    <eod_ledger_collateral_balance
        business_date="2019-01-01"
        trade_date="2019/01/01"
        record_date="2019/01/02 11:30:00"
        participant_code="P12"
        participant_name="TEST_PARTY2"
        participant_type="FXB"
        collateral_purpose_type="4"
        collateral_purpose="Special purpose collateral"
        total_deposit="0"
        cash="0"
        lg="0"
        securities="0"
        required_amount="7000"
        total_initial_margin=""
        total_variation_margin=""
        total_excess_deficit="-7000"
        deficit_in_cash_settlement=""
        cash_settlement=""
        cash_settlement_following_day=""
        initial_mtm_total=""
        initial_mtm_day=""
        initial_mtm_following_day=""
        daily_mtm_total=""
        daily_mtm_day=""
        daily_mtm_following_day=""
        swap_point_total=""
        swap_point_day=""
        swap_point_following_day=""
        following_applicable_day_for_clearing_deposit=""/>

</dataset>
