<dataset>
    <eod_ledger_collateral_list
        business_date="2019-01-01"
        trade_date="2019/01/01"
        evaluation_date="2019/01/01"
        record_date="2019/01/02 11:30:00"
        participant_code="P11"
        participant_name="TEST_PARTY1"
        participant_type="LP"
        collateral_purpose_type="1"
        collateral_purpose="Margin"
        collateral_name="Yen Cash"
        collateral_type_no="1"
        collateral_type="Cash"
        security_code=""
        isin_code=""
        amount="10001"
        market_price=""
        evaluated_price=""
        evaluated_amount="10001"
        boj_code=""
        jasdec_code=""
        interest_payment_day=""
        interest_payment_day2=""
        maturity_date=""
        record_type="1"
        order_id="111"
    />

    <eod_ledger_collateral_list
        business_date="2019-01-01"
        trade_date="2019/01/01"
        evaluation_date="2019/01/01"
        record_date="2019/01/02 11:30:00"
        participant_code="P11"
        participant_name="TEST_PARTY1"
        participant_type="LP"
        collateral_purpose_type="2"
        collateral_purpose="Market entry deposit"
        collateral_name="bond1"
        collateral_type_no="3"
        collateral_type="JGB"
        security_code="5678"
        isin_code="JP11111111"
        amount="10002"
        market_price="10.55"
        evaluated_price="10.33"
        evaluated_amount="1033.20"
        boj_code="0001"
        jasdec_code=""
        interest_payment_day="10/10"
        interest_payment_day2="12/10"
        maturity_date="2022/10/10"
        record_type="1"
        order_id="231"
    />

    <eod_ledger_collateral_list
        business_date="2019-01-01"
        trade_date="2019/01/01"
        evaluation_date="2019/01/01"
        record_date="2019/01/02 11:30:00"
        participant_code="P12"
        participant_name="TEST_PARTY2"
        participant_type="FXB"
        collateral_purpose_type="3"
        collateral_purpose="Clearing deposit"
        collateral_name="equity1"
        collateral_type_no="4"
        collateral_type="Equities"
        security_code="1234"
        isin_code="JP22222222"
        amount="10003"
        market_price="123.43"
        evaluated_price="97"
        evaluated_amount="970291.00"
        boj_code=""
        jasdec_code="1234512"
        interest_payment_day=""
        interest_payment_day2=""
        maturity_date=""
        record_type="1"
        order_id="1341"
    />

    <eod_ledger_collateral_list
        business_date="2019-01-01"
        trade_date="2019/01/01"
        evaluation_date="2019/01/01"
        record_date="2019/01/02 11:30:00"
        participant_code="P12"
        participant_name="TEST_PARTY2"
        participant_type="FXB"
        collateral_purpose_type="4"
        collateral_purpose="Special purpose collateral"
        collateral_name="Mizuho Bank,Ltd."
        collateral_type_no="2"
        collateral_type="LG"
        security_code=""
        isin_code=""
        amount="10004"
        market_price=""
        evaluated_price=""
        evaluated_amount="9903"
        boj_code=""
        jasdec_code=""
        interest_payment_day=""
        interest_payment_day2=""
        maturity_date="2020/02/02"
        record_type="1"
        order_id="1421"
    />

    <eod_ledger_collateral_list
        business_date="2019-01-01"
        trade_date=""
        evaluation_date=""
        record_date=""
        participant_code="P11"
        participant_name=""
        participant_type=""
        collateral_purpose_type=""
        collateral_purpose="Total"
        collateral_name=""
        collateral_type_no=""
        collateral_type=""
        security_code=""
        isin_code=""
        amount=""
        market_price=""
        evaluated_price=""
        evaluated_amount="10001"
        boj_code=""
        jasdec_code=""
        interest_payment_day=""
        interest_payment_day2=""
        maturity_date=""
        record_type="4"
        order_id="114"
    />

    <eod_ledger_collateral_list
        business_date="2019-01-01"
        trade_date=""
        evaluation_date=""
        record_date=""
        participant_code="P12"
        participant_name=""
        participant_type=""
        collateral_purpose_type=""
        collateral_purpose="Total"
        collateral_name=""
        collateral_type_no=""
        collateral_type=""
        security_code=""
        isin_code=""
        amount=""
        market_price=""
        evaluated_price=""
        evaluated_amount="9903"
        boj_code=""
        jasdec_code=""
        interest_payment_day=""
        interest_payment_day2=""
        maturity_date=""
        record_type="4"
        order_id="1424"
    />

    <eod_ledger_collateral_list
        business_date="2019-01-01"
        trade_date=""
        evaluation_date=""
        record_date=""
        participant_code="P11"
        participant_name=""
        participant_type=""
        collateral_purpose_type=""
        collateral_purpose="Total"
        collateral_name=""
        collateral_type_no=""
        collateral_type=""
        security_code=""
        isin_code=""
        amount=""
        market_price=""
        evaluated_price=""
        evaluated_amount="1033.20"
        boj_code=""
        jasdec_code=""
        interest_payment_day=""
        interest_payment_day2=""
        maturity_date=""
        record_type="4"
        order_id="234"
    />

    <eod_ledger_collateral_list
        business_date="2019-01-01"
        trade_date=""
        evaluation_date=""
        record_date=""
        participant_code="P12"
        participant_name=""
        participant_type=""
        collateral_purpose_type=""
        collateral_purpose="Total"
        collateral_name=""
        collateral_type_no=""
        collateral_type=""
        security_code=""
        isin_code=""
        amount=""
        market_price=""
        evaluated_price=""
        evaluated_amount="970291.00"
        boj_code=""
        jasdec_code=""
        interest_payment_day=""
        interest_payment_day2=""
        maturity_date=""
        record_type="4"
        order_id="1344"
    />
</dataset>
