<dataset>
    <eod_ledger_market_data
        business_date="2019-02-02"
        trade_date="2019/02/02"
        record_date="2019/02/02 11:30:00"
        currency_no="101"
        currency_pair="USD/JPY"
        open_price="3.140000"
        open_price_time="18:00:00"
        high_price="3.140000"
        high_price_time="18:00:00"
        low_price="2.170000"
        low_price_time="23:00:00"
        close_price="2.170000"
        close_price_time="23:00:00"
        dsp="1.120000"
        previous_day_dsp="1.150000"
        dsp_change="-0.030000"
        swap_point="4.230"
        trading_volume_amount="7444"
        trading_volume_in_unit="7"
        open_position_amount="522"
        open_position_in_unit="0"
        record_type="1"
        order_id="101"
    />

    <eod_ledger_market_data
        business_date="2019-02-02"
        trade_date="2019/02/02"
        record_date="2019/02/02 11:30:00"
        currency_no="102"
        currency_pair="EUR/JPY"
        open_price="3.110000"
        open_price_time="16:00:00"
        high_price="3.410000"
        high_price_time="21:00:00"
        low_price="1.000000"
        low_price_time="17:00:00"
        close_price="3.410000"
        close_price_time="21:00:00"
        dsp="1.170000"
        previous_day_dsp="1.100000"
        dsp_change="0.070000"
        swap_point="1.340"
        trading_volume_amount="13503"
        trading_volume_in_unit="13"
        open_position_amount="2201"
        open_position_in_unit="2"
        record_type="1"
        order_id="102"
    />

    <eod_ledger_market_data
        business_date="2019-02-02"
        trade_date="2019/02/02"
        record_date="2019/02/02 11:30:00"
        currency_no="103"
        currency_pair="GBP/JPY"
        open_price="2.4100"
        open_price_time="15:00:00"
        high_price="5.1100"
        high_price_time="23:00:00"
        low_price="2.4100"
        low_price_time="15:00:00"
        close_price="5.1100"
        close_price_time="23:00:00"
        dsp="1.1100"
        previous_day_dsp="1.1200"
        dsp_change="-0.0100"
        swap_point="2.230"
        trading_volume_amount="16615"
        trading_volume_in_unit="16"
        open_position_amount="0"
        open_position_in_unit="0"
        record_type="1"
        order_id="103"
    />

    <eod_ledger_market_data
        business_date="2019-02-02"
        trade_date="2019/02/02"
        record_date="2019/02/02 11:30:00"
        currency_no="104"
        currency_pair="CHF/JPY"
        open_price="0.0000"
        open_price_time="16:30:00"
        high_price="0.0000"
        high_price_time="16:30:00"
        low_price="0.0000"
        low_price_time="16:30:00"
        close_price="0.0000"
        close_price_time="16:30:00"
        dsp="1.1300"
        previous_day_dsp="1.1100"
        dsp_change="0.0200"
        swap_point="2.130"
        trading_volume_amount="0"
        trading_volume_in_unit="0"
        open_position_amount="0"
        open_position_in_unit="0"
        record_type="1"
        order_id="104"
    />

    <eod_ledger_market_data
        business_date="2019-02-02"
        trade_date=""
        record_date=""
        currency_no=""
        currency_pair="Total"
        open_price=""
        open_price_time=""
        high_price=""
        high_price_time=""
        low_price=""
        low_price_time=""
        close_price=""
        close_price_time=""
        dsp=""
        previous_day_dsp=""
        dsp_change=""
        swap_point=""
        trading_volume_amount=""
        trading_volume_in_unit="36"
        open_position_amount=""
        open_position_in_unit="2"
        record_type="3"
        order_id="9223372036854775807"
    />
</dataset>