<dataset>

    <eod_ledger_open_position
            trade_date="2019/01/31"
            settlement_date="2019/02/02"
            record_date="2019/02/01 11:30:00"
            participant_code="P11"
            currency_pair="EUR/USD"
            short_position_previous_day="0"
            long_position_previous_day="50000.00"
            sell_trading_amount="10000.00"
            buy_trading_amount="20000.00"
            short_position="0"
            long_position="60000.00"
            initial_mtm_amount="-10.00"
            daily_mtm_amount="-14.00"
            swap_point="13"
            total_variation_margin="164.00"
    />

    <eod_ledger_open_position
            trade_date="2019/01/31"
            settlement_date="2019/02/02"
            record_date="2019/02/01 11:30:00"
            participant_code="P11"
            currency_pair="USD/JPY"
            short_position_previous_day="0"
            long_position_previous_day="0"
            sell_trading_amount="600000.00"
            buy_trading_amount="590000.00"
            short_position="10000.00"
            long_position="0"
            initial_mtm_amount="120.00"
            daily_mtm_amount="674.00"
            swap_point="-4"
            total_variation_margin="706.00"
    />

    <eod_ledger_open_position
            trade_date="2019/01/31"
            settlement_date="2019/02/02"
            record_date="2019/02/01 11:30:00"
            participant_code="P22"
            currency_pair="EUR/USD"
            short_position_previous_day="70000.00"
            long_position_previous_day="0"
            sell_trading_amount="0"
            buy_trading_amount="200000.00"
            short_position="0"
            long_position="130000.00"
            initial_mtm_amount="330.00"
            daily_mtm_amount="-11.00"
            swap_point="29"
            total_variation_margin="220.00"
    />

    <eod_ledger_open_position
            trade_date="2019/01/31"
            settlement_date="2019/02/02"
            record_date="2019/02/01 11:30:00"
            participant_code="P22"
            currency_pair="USD/JPY"
            short_position_previous_day="0"
            long_position_previous_day="700000.00"
            sell_trading_amount="200000.00"
            buy_trading_amount="0"
            short_position="0"
            long_position="500000.00"
            initial_mtm_amount="900.00"
            daily_mtm_amount="-77.00"
            swap_point="170"
            total_variation_margin="800.00"
    />

</dataset>